// Jest Snapshot v1, https://goo.gl/fbAQLP

exports[`bds-input should render the component 1`] = `
Object {
  "body": <body>
  <bds-input icon="" type="text">
    <mock:shadow-root>
      <div class="input input--state-primary" part="input-container">
        <slot name="input-left"></slot>
        <div class="input__container">
          <div class="input__container__wrapper">
            <slot name="inside-input-left"></slot>
            <input autocapitalize="off" autocomplete="off" class="input__container__text" cols="0" part="input" placeholder="" rows="1" type="text" value="">
          </div>
        </div>
        <slot name="input-right"></slot>
      </div>
    </mock:shadow-root>
  </bds-input>
</body>,
  "build": Object {
    "allRenderFn": true,
    "appendChildSlotFix": false,
    "asyncLoading": true,
    "asyncQueue": true,
    "attachStyles": false,
    "cloneNodeFix": false,
    "cmpDidLoad": true,
    "cmpDidRender": true,
    "cmpDidUnload": true,
    "cmpDidUpdate": true,
    "cmpShouldUpdate": true,
    "cmpWillLoad": true,
    "cmpWillRender": true,
    "cmpWillUpdate": true,
    "connectedCallback": true,
    "constructableCSS": true,
    "cssAnnotations": false,
    "cssVarShim": true,
    "devTools": false,
    "disconnectedCallback": true,
    "dynamicImportShim": false,
    "element": true,
    "event": true,
    "hasRenderFn": true,
    "hostListener": true,
    "hostListenerTarget": true,
    "hostListenerTargetBody": true,
    "hostListenerTargetDocument": true,
    "hostListenerTargetParent": true,
    "hostListenerTargetWindow": true,
    "hotModuleReplacement": false,
    "hydrateClientSide": false,
    "hydrateServerSide": false,
    "hydratedAttribute": false,
    "hydratedClass": true,
    "initializeNextTick": true,
    "isDebug": false,
    "isDev": true,
    "isTesting": true,
    "lazyLoad": true,
    "lifecycle": true,
    "lifecycleDOMEvents": true,
    "member": true,
    "method": true,
    "mode": true,
    "observeAttribute": true,
    "profile": true,
    "prop": true,
    "propBoolean": true,
    "propMutable": true,
    "propNumber": true,
    "propString": true,
    "reflect": true,
    "safari10": false,
    "scoped": true,
    "scriptDataOpts": false,
    "shadowDelegatesFocus": true,
    "shadowDom": true,
    "shadowDomShim": false,
    "slot": true,
    "slotChildNodesFix": false,
    "slotRelocation": true,
    "state": true,
    "style": true,
    "svg": true,
    "taskQueue": true,
    "transformTagName": true,
    "updatable": true,
    "vdomAttribute": true,
    "vdomClass": true,
    "vdomFunctional": true,
    "vdomKey": true,
    "vdomListener": true,
    "vdomPropOrAttr": true,
    "vdomRef": true,
    "vdomRender": true,
    "vdomStyle": true,
    "vdomText": true,
    "vdomXlink": true,
    "watchCallback": true,
  },
  "doc": ,
  "flushLoadModule": [Function],
  "flushQueue": [Function],
  "setContent": [Function],
  "styles": Map {},
  "waitForChanges": [Function],
  "win": [MockWindow],
}
`;
