// Jest Snapshot v1, https://goo.gl/fbAQLP

exports[`bds-toast-container should render the component 1`] = `
Object {
  "body": <body>
  <bds-toast-container>
    <!---->
  </bds-toast-container>
</body>,
  "build": Object {
    "allRenderFn": true,
    "appendChildSlotFix": false,
    "asyncLoading": true,
    "asyncQueue": true,
    "attachStyles": false,
    "cloneNodeFix": false,
    "cmpDidLoad": true,
    "cmpDidRender": true,
    "cmpDidUnload": true,
    "cmpDidUpdate": true,
    "cmpShouldUpdate": true,
    "cmpWillLoad": true,
    "cmpWillRender": true,
    "cmpWillUpdate": true,
    "connectedCallback": true,
    "constructableCSS": true,
    "cssAnnotations": false,
    "cssVarShim": true,
    "devTools": false,
    "disconnectedCallback": true,
    "dynamicImportShim": false,
    "element": true,
    "event": true,
    "hasRenderFn": true,
    "hostListener": true,
    "hostListenerTarget": true,
    "hostListenerTargetBody": true,
    "hostListenerTargetDocument": true,
    "hostListenerTargetParent": true,
    "hostListenerTargetWindow": true,
    "hotModuleReplacement": false,
    "hydrateClientSide": false,
    "hydrateServerSide": false,
    "hydratedAttribute": false,
    "hydratedClass": true,
    "initializeNextTick": true,
    "isDebug": false,
    "isDev": true,
    "isTesting": true,
    "lazyLoad": true,
    "lifecycle": true,
    "lifecycleDOMEvents": true,
    "member": true,
    "method": true,
    "mode": true,
    "observeAttribute": true,
    "profile": true,
    "prop": true,
    "propBoolean": true,
    "propMutable": true,
    "propNumber": true,
    "propString": true,
    "reflect": true,
    "safari10": false,
    "scoped": true,
    "scriptDataOpts": false,
    "shadowDelegatesFocus": true,
    "shadowDom": true,
    "shadowDomShim": false,
    "slot": true,
    "slotChildNodesFix": false,
    "slotRelocation": true,
    "state": true,
    "style": true,
    "svg": true,
    "taskQueue": true,
    "transformTagName": true,
    "updatable": true,
    "vdomAttribute": true,
    "vdomClass": true,
    "vdomFunctional": true,
    "vdomKey": true,
    "vdomListener": true,
    "vdomPropOrAttr": true,
    "vdomRef": true,
    "vdomRender": true,
    "vdomStyle": true,
    "vdomText": true,
    "vdomXlink": true,
    "watchCallback": true,
  },
  "doc": ,
  "flushLoadModule": [Function],
  "flushQueue": [Function],
  "setContent": [Function],
  "styles": Map {},
  "waitForChanges": [Function],
  "win": [MockWindow],
}
`;
